2026-05-29 03:44:42,733 - === Simulator STARTED ===
2026-05-29 03:44:44,075 - TXN-20260529034442-799 | Moov Money | 98384.0 XAF | reversed
2026-05-29 03:44:47,211 - TXN-20260529034447-149 | Airtel Money | 32148.0 XAF | timeout
2026-05-29 03:44:50,283 - TXN-20260529034450-676 | Moov Money | 85789.0 XAF | success
2026-05-29 03:44:53,465 - TXN-20260529034453-799 | Moov Money | 8801.0 XAF | failed
2026-05-29 03:44:56,694 - TXN-20260529034456-657 | Airtel Money | 26106.0 XAF | success
2026-05-29 03:44:59,877 - TXN-20260529034459-597 | Airtel Money | 59560.0 XAF | reversed
2026-05-29 03:45:02,989 - TXN-20260529034502-952 | Moov Money | 19501.0 XAF | timeout
2026-05-29 03:45:06,153 - TXN-20260529034505-162 | Airtel Money | 7841.0 XAF | pending
2026-05-29 03:45:09,234 - TXN-20260529034509-851 | Airtel Money | 6943.0 XAF | reversed
2026-05-29 03:45:12,598 - TXN-20260529034512-988 | Moov Money | 98880.0 XAF | failed
2026-05-29 03:45:15,774 - TXN-20260529034515-565 | Airtel Money | 20203.0 XAF | timeout
2026-05-29 03:45:18,907 - TXN-20260529034518-317 | Moov Money | 89046.0 XAF | pending
2026-05-29 03:45:21,955 - TXN-20260529034521-194 | Moov Money | 43127.0 XAF | failed
2026-05-29 03:45:25,014 - TXN-20260529034524-511 | Moov Money | 98976.0 XAF | pending
2026-05-29 03:45:28,198 - TXN-20260529034528-372 | Airtel Money | 59781.0 XAF | timeout
2026-05-29 03:45:31,318 - TXN-20260529034531-149 | Moov Money | 36347.0 XAF | success
2026-05-29 03:45:34,543 - TXN-20260529034534-483 | Moov Money | 56125.0 XAF | pending
2026-05-29 03:45:37,645 - TXN-20260529034537-179 | Airtel Money | 51226.0 XAF | failed
2026-05-29 03:45:40,786 - TXN-20260529034540-601 | Airtel Money | 69355.0 XAF | reversed
2026-05-29 03:45:43,877 - TXN-20260529034543-140 | Airtel Money | 30075.0 XAF | reversed
2026-05-29 03:45:47,352 - TXN-20260529034546-447 | Airtel Money | 2669.0 XAF | pending
2026-05-29 03:45:50,927 - TXN-20260529034550-390 | Moov Money | 67192.0 XAF | timeout
2026-05-29 03:45:54,022 - TXN-20260529034553-469 | Moov Money | 50120.0 XAF | failed
2026-05-29 03:45:57,080 - TXN-20260529034557-221 | Moov Money | 9758.0 XAF | timeout
2026-05-29 03:46:00,159 - TXN-20260529034600-909 | Moov Money | 38954.0 XAF | reversed
2026-05-29 03:46:03,218 - TXN-20260529034603-277 | Moov Money | 42177.0 XAF | timeout
2026-05-29 03:46:06,344 - TXN-20260529034606-847 | Moov Money | 80563.0 XAF | timeout
2026-05-29 03:46:09,395 - TXN-20260529034609-562 | Airtel Money | 69679.0 XAF | success
2026-05-29 03:46:12,445 - TXN-20260529034612-550 | Moov Money | 63418.0 XAF | pending
2026-05-29 03:46:15,511 - TXN-20260529034615-655 | Moov Money | 41396.0 XAF | failed
2026-05-29 03:46:18,560 - TXN-20260529034618-152 | Moov Money | 92901.0 XAF | success
2026-05-29 03:46:44,389 - TXN-20260529034644-112 | Moov Money | 34801.0 XAF | pending
2026-05-29 03:46:47,791 - TXN-20260529034647-276 | Moov Money | 75130.0 XAF | reversed
2026-05-29 03:46:50,839 - TXN-20260529034650-257 | Moov Money | 54890.0 XAF | pending
2026-05-29 03:46:53,890 - TXN-20260529034653-437 | Moov Money | 77401.0 XAF | success
2026-05-29 03:46:57,523 - TXN-20260529034656-470 | Moov Money | 57209.0 XAF | failed
2026-05-29 03:47:00,587 - TXN-20260529034700-715 | Airtel Money | 10052.0 XAF | timeout
2026-05-29 03:47:03,808 - TXN-20260529034703-979 | Moov Money | 88102.0 XAF | failed
2026-05-29 03:47:06,866 - TXN-20260529034706-143 | Airtel Money | 51535.0 XAF | timeout
2026-05-29 03:47:09,910 - TXN-20260529034709-521 | Airtel Money | 49818.0 XAF | success
2026-05-29 03:47:12,974 - TXN-20260529034712-946 | Airtel Money | 44421.0 XAF | success
2026-05-29 03:47:16,018 - TXN-20260529034715-497 | Moov Money | 49832.0 XAF | timeout
2026-05-29 03:47:19,196 - TXN-20260529034719-404 | Moov Money | 51636.0 XAF | failed
2026-05-29 03:47:19,794 - === Simulator STOPPED ===
